MSBUILD : error MSB1009: Project file does not exist.
Switch: .\RepositoryGenerator.sln
